
======================================================================
  ELM Training Configuration
======================================================================
  label               : ELM
  model_type          : mamba
  d_model             : 320
  n_layers            : 18
  vocab_size          : 29
  total_params        : 12,184,349
  trainable_params    : 12184349
  train_chunks        : 1855467
  val_chunks          : 97655
  epochs              : 20
  batch_size          : 128
  lr                  : 0.001
  weight_decay        : 0.01
  label_smoothing     : 0.1
  patience            : 5
  device              : cuda
  timestamp           : 2026-03-09 09:32:41
  save_dir            : lm_checkpoints/elm_mamba_MaxChars-1000000000_d320_L18
  d_state             : 16
======================================================================

  [ELM] Label smoothing=0.1, theoretical loss floor=0.1015 (PPL 1.11)
  [ELM] Epoch  1/20 — Train: 1.4618 (PPL 4.31), Val: 1.4808 (PPL 4.40), Gap: +0.0189, Time: 12833s *
  [ELM] Epoch  2/20 — Train: 1.4013 (PPL 4.06), Val: 1.4525 (PPL 4.27), Gap: +0.0512, Time: 12852s *
  [ELM] Epoch  3/20 — Train: 1.3871 (PPL 4.00), Val: 1.4392 (PPL 4.22), Gap: +0.0521, Time: 12872s *
  [ELM] Epoch  4/20 — Train: 1.3790 (PPL 3.97), Val: 1.4323 (PPL 4.19), Gap: +0.0533, Time: 12851s *
  [ELM] Epoch  5/20 — Train: 1.3734 (PPL 3.95), Val: 1.4211 (PPL 4.14), Gap: +0.0478, Time: 12866s *
  [ELM] Epoch  6/20 — Train: 1.3690 (PPL 3.93), Val: 1.4180 (PPL 4.13), Gap: +0.0490, Time: 12871s *
  [ELM] Epoch  7/20 — Train: 1.3654 (PPL 3.92), Val: 1.4162 (PPL 4.12), Gap: +0.0508, Time: 12842s *
  [ELM] Epoch  8/20 — Train: 1.3622 (PPL 3.90), Val: 1.4131 (PPL 4.11), Gap: +0.0509, Time: 12852s *
  [ELM] Epoch  9/20 — Train: 1.3593 (PPL 3.89), Val: 1.4107 (PPL 4.10), Gap: +0.0513, Time: 12864s *
  [ELM] Epoch 10/20 — Train: 1.3567 (PPL 3.88), Val: 1.4092 (PPL 4.09), Gap: +0.0525, Time: 12849s *
  [ELM] Epoch 11/20 — Train: 1.3542 (PPL 3.87), Val: 1.4055 (PPL 4.08), Gap: +0.0513, Time: 12867s *
  [ELM] Epoch 12/20 — Train: 1.3519 (PPL 3.86), Val: 1.4026 (PPL 4.07), Gap: +0.0507, Time: 12866s *
  [ELM] Epoch 13/20 — Train: 1.3497 (PPL 3.86), Val: 1.4014 (PPL 4.06), Gap: +0.0518, Time: 12842s *
  [ELM] Epoch 14/20 — Train: 1.3476 (PPL 3.85), Val: 1.4002 (PPL 4.06), Gap: +0.0525, Time: 12853s *
  [ELM] Epoch 15/20 — Train: 1.3458 (PPL 3.84), Val: 1.3997 (PPL 4.05), Gap: +0.0539, Time: 12861s *
  [ELM] Epoch 16/20 — Train: 1.3442 (PPL 3.84), Val: 1.3978 (PPL 4.05), Gap: +0.0536, Time: 12839s *
  [ELM] Epoch 17/20 — Train: 1.3429 (PPL 3.83), Val: 1.3959 (PPL 4.04), Gap: +0.0530, Time: 12855s *
  [ELM] Epoch 18/20 — Train: 1.3419 (PPL 3.83), Val: 1.3966 (PPL 4.04), Gap: +0.0547, Time: 12867s
  [ELM] Epoch 19/20 — Train: 1.3412 (PPL 3.82), Val: 1.3962 (PPL 4.04), Gap: +0.0550, Time: 12840s
  [ELM] Epoch 20/20 — Train: 1.3409 (PPL 3.82), Val: 1.3961 (PPL 4.04), Gap: +0.0552, Time: 12859s

  [ELM] Done. Best val loss=1.3959, val PPL=4.04
  [ELM] Checkpoint: lm_checkpoints/elm_mamba_MaxChars-1000000000_d320_L18/elm_best.pt
  [ELM] Log: lm_checkpoints/elm_mamba_MaxChars-1000000000_d320_L18/elm_training.log
